SQL> SELECT * FROM trainerdetails
  2  ;

no rows selected

SQL> SELECT * FROM trainerdetail;
SELECT * FROM trainerdetail
              *
ERROR at line 1:
ORA-00942: table or view does not exist 


SQL> SELECT * FROM trainerdetails;

no rows selected

SQL> SELECT * FROM trainerdetails
  2  where tid='t1';

no rows selected

SQL> INSERT INTO trainerdetails VALUES('t4','del',6667778889,TO_DATE('01.04.1994','DD-MM-YYYY'),20000,'Evening');

1 row created.

SQL> SELECT * FROM trainerdetails
  2  ;

TID                                                                             
--------------------------------------------------------------------------------
TNAME                                                                           
--------------------------------------------------------------------------------
   CONTACT DOJ           SALARY                                                 
---------- --------- ----------                                                 
SHIFTDETAIL                                                                     
--------------------------------------------------------------------------------
t4                                                                              
del                                                                             
6667778889 01-APR-94      20000                                                 
Evening                                                                         
                                                                                

SQL> DELETE FROM trainerdetails
  2   WHERE tid='t4';

1 row deleted.

SQL> INSERT INTO trainerdetails VALUES('t1','Vaasu',1112223334,TO_DATE('05.05.1994','DD-MM-YYYY'),20000,'Morning');

1 row created.

SQL> INSERT INTO trainerdetails VALUES('t2','Anand',2223334445,TO_DATE('07.05.1994','DD-MM-YYYY'),20000,'Evening');

1 row created.

SQL> INSERT INTO trainerdetails VALUES('t3','Abhishek',3334445556,TO_DATE('20.05.1994','DD-MM-YYYY'),20000,'Morning');

1 row created.

SQL> INSERT INTO trainerdetails VALUES('t4','del',6667778889,TO_DATE('01.04.1994','DD-MM-YYYY'),20000,'Evening');

1 row created.

SQL> INSERT INTO trainerdetails VALUES('t5','Akhil',7778889990,TO_DATE('01.04.1994','DD-MM-YYYY'),20000,'Morning');

1 row created.

SQL> SELECT * FROM trainerdetails;

TID                                                                             
--------------------------------------------------------------------------------
TNAME                                                                           
--------------------------------------------------------------------------------
   CONTACT DOJ           SALARY                                                 
---------- --------- ----------                                                 
SHIFTDETAIL                                                                     
--------------------------------------------------------------------------------
t1                                                                              
Vaasu                                                                           
1112223334 05-MAY-94      20000                                                 
Morning                                                                         
                                                                                

TID                                                                             
--------------------------------------------------------------------------------
TNAME                                                                           
--------------------------------------------------------------------------------
   CONTACT DOJ           SALARY                                                 
---------- --------- ----------                                                 
SHIFTDETAIL                                                                     
--------------------------------------------------------------------------------
t2                                                                              
Anand                                                                           
2223334445 07-MAY-94      20000                                                 
Evening                                                                         
                                                                                

TID                                                                             
--------------------------------------------------------------------------------
TNAME                                                                           
--------------------------------------------------------------------------------
   CONTACT DOJ           SALARY                                                 
---------- --------- ----------                                                 
SHIFTDETAIL                                                                     
--------------------------------------------------------------------------------
t3                                                                              
Abhishek                                                                        
3334445556 20-MAY-94      20000                                                 
Morning                                                                         
                                                                                

TID                                                                             
--------------------------------------------------------------------------------
TNAME                                                                           
--------------------------------------------------------------------------------
   CONTACT DOJ           SALARY                                                 
---------- --------- ----------                                                 
SHIFTDETAIL                                                                     
--------------------------------------------------------------------------------
t4                                                                              
del                                                                             
6667778889 01-APR-94      20000                                                 
Evening                                                                         
                                                                                

TID                                                                             
--------------------------------------------------------------------------------
TNAME                                                                           
--------------------------------------------------------------------------------
   CONTACT DOJ           SALARY                                                 
---------- --------- ----------                                                 
SHIFTDETAIL                                                                     
--------------------------------------------------------------------------------
t5                                                                              
Akhil                                                                           
7778889990 01-APR-94      20000                                                 
Morning                                                                         
                                                                                

SQL> ALTER TABLE trainerdetails ADD
  2  gender VARCHAR(20);

Table altered.

SQL> DESC TABLE trainerdetails
Usage: DESCRIBE [schema.]object[@db_link]
SQL> DESC TABLE trainerdetails;
Usage: DESCRIBE [schema.]object[@db_link]
SQL> SELECT * FROM trainerdetails;

TID                                                                             
--------------------------------------------------------------------------------
TNAME                                                                           
--------------------------------------------------------------------------------
   CONTACT DOJ           SALARY                                                 
---------- --------- ----------                                                 
SHIFTDETAIL                                                                     
--------------------------------------------------------------------------------
GENDER                                                                          
--------------------                                                            
t1                                                                              
Vaasu                                                                           
1112223334 05-MAY-94      20000                                                 

TID                                                                             
--------------------------------------------------------------------------------
TNAME                                                                           
--------------------------------------------------------------------------------
   CONTACT DOJ           SALARY                                                 
---------- --------- ----------                                                 
SHIFTDETAIL                                                                     
--------------------------------------------------------------------------------
GENDER                                                                          
--------------------                                                            
Morning                                                                         
                                                                                
                                                                                

TID                                                                             
--------------------------------------------------------------------------------
TNAME                                                                           
--------------------------------------------------------------------------------
   CONTACT DOJ           SALARY                                                 
---------- --------- ----------                                                 
SHIFTDETAIL                                                                     
--------------------------------------------------------------------------------
GENDER                                                                          
--------------------                                                            
t2                                                                              
Anand                                                                           
2223334445 07-MAY-94      20000                                                 

TID                                                                             
--------------------------------------------------------------------------------
TNAME                                                                           
--------------------------------------------------------------------------------
   CONTACT DOJ           SALARY                                                 
---------- --------- ----------                                                 
SHIFTDETAIL                                                                     
--------------------------------------------------------------------------------
GENDER                                                                          
--------------------                                                            
Evening                                                                         
                                                                                
                                                                                

TID                                                                             
--------------------------------------------------------------------------------
TNAME                                                                           
--------------------------------------------------------------------------------
   CONTACT DOJ           SALARY                                                 
---------- --------- ----------                                                 
SHIFTDETAIL                                                                     
--------------------------------------------------------------------------------
GENDER                                                                          
--------------------                                                            
t3                                                                              
Abhishek                                                                        
3334445556 20-MAY-94      20000                                                 

TID                                                                             
--------------------------------------------------------------------------------
TNAME                                                                           
--------------------------------------------------------------------------------
   CONTACT DOJ           SALARY                                                 
---------- --------- ----------                                                 
SHIFTDETAIL                                                                     
--------------------------------------------------------------------------------
GENDER                                                                          
--------------------                                                            
Morning                                                                         
                                                                                
                                                                                

TID                                                                             
--------------------------------------------------------------------------------
TNAME                                                                           
--------------------------------------------------------------------------------
   CONTACT DOJ           SALARY                                                 
---------- --------- ----------                                                 
SHIFTDETAIL                                                                     
--------------------------------------------------------------------------------
GENDER                                                                          
--------------------                                                            
t4                                                                              
del                                                                             
6667778889 01-APR-94      20000                                                 

TID                                                                             
--------------------------------------------------------------------------------
TNAME                                                                           
--------------------------------------------------------------------------------
   CONTACT DOJ           SALARY                                                 
---------- --------- ----------                                                 
SHIFTDETAIL                                                                     
--------------------------------------------------------------------------------
GENDER                                                                          
--------------------                                                            
Evening                                                                         
                                                                                
                                                                                

TID                                                                             
--------------------------------------------------------------------------------
TNAME                                                                           
--------------------------------------------------------------------------------
   CONTACT DOJ           SALARY                                                 
---------- --------- ----------                                                 
SHIFTDETAIL                                                                     
--------------------------------------------------------------------------------
GENDER                                                                          
--------------------                                                            
t5                                                                              
Akhil                                                                           
7778889990 01-APR-94      20000                                                 

TID                                                                             
--------------------------------------------------------------------------------
TNAME                                                                           
--------------------------------------------------------------------------------
   CONTACT DOJ           SALARY                                                 
---------- --------- ----------                                                 
SHIFTDETAIL                                                                     
--------------------------------------------------------------------------------
GENDER                                                                          
--------------------                                                            
Morning                                                                         
                                                                                
                                                                                

SQL> ALTER TABLE trainerdetails MODIFY gender VARCHAR(10);

Table altered.

SQL> ALTER TABLE trainerdetails ADD
  2  age INT;

Table altered.

SQL> ALTER TABLE trainerdetails DROP age;
ALTER TABLE trainerdetails DROP age
                                *
ERROR at line 1:
ORA-00905: missing keyword 


SQL> ALTER TABLE trainerdetails DROP (age);

Table altered.

SQL> desc trainerdetails;
 Name                                      Null?    Type
 ----------------------------------------- -------- ----------------------------
 TID                                       NOT NULL VARCHAR2(255)
 TNAME                                              VARCHAR2(255)
 CONTACT                                            NUMBER(38)
 DOJ                                                DATE
 SALARY                                    NOT NULL NUMBER(38)
 SHIFTDETAIL                                        VARCHAR2(255)
 GENDER                                             VARCHAR2(10)

SQL> desc trainerdetails;
 Name                                      Null?    Type
 ----------------------------------------- -------- ----------------------------
 TID                                       NOT NULL VARCHAR2(255)
 TNAME                                              VARCHAR2(255)
 CONTACT                                            NUMBER(38)
 DOJ                                                DATE
 SALARY                                    NOT NULL NUMBER(38)
 SHIFTDETAIL                                        VARCHAR2(255)
 GENDER                                             VARCHAR2(10)

SQL> desc trainerdetails;
 Name                                      Null?    Type
 ----------------------------------------- -------- ----------------------------
 TID                                       NOT NULL VARCHAR2(255)
 TNAME                                              VARCHAR2(255)
 CONTACT                                            NUMBER(38)
 DOJ                                                DATE
 SALARY                                    NOT NULL NUMBER(38)
 SHIFTDETAIL                                        VARCHAR2(255)
 GENDER                                             VARCHAR2(10)

SQL> spool off
