SQL> savepoint varun1;

Savepoint created.

SQL> SELECT * FROM trainerdetails;

TID                                                                             
--------------------------------------------------------------------------------
TNAME                                                                           
--------------------------------------------------------------------------------
   CONTACT DOJ           SALARY                                                 
---------- --------- ----------                                                 
SHIFTDETAIL                                                                     
--------------------------------------------------------------------------------
t1                                                                              
Vaasu                                                                           
1112223334 05-MAY-94      20000                                                 
Morning                                                                         
                                                                                

TID                                                                             
--------------------------------------------------------------------------------
TNAME                                                                           
--------------------------------------------------------------------------------
   CONTACT DOJ           SALARY                                                 
---------- --------- ----------                                                 
SHIFTDETAIL                                                                     
--------------------------------------------------------------------------------
t2                                                                              
Anand                                                                           
2223334445 07-MAY-94      20000                                                 
Evening                                                                         
                                                                                

TID                                                                             
--------------------------------------------------------------------------------
TNAME                                                                           
--------------------------------------------------------------------------------
   CONTACT DOJ           SALARY                                                 
---------- --------- ----------                                                 
SHIFTDETAIL                                                                     
--------------------------------------------------------------------------------
t3                                                                              
Abhishek                                                                        
3334445556 20-MAY-94      20000                                                 
Morning                                                                         
                                                                                

TID                                                                             
--------------------------------------------------------------------------------
TNAME                                                                           
--------------------------------------------------------------------------------
   CONTACT DOJ           SALARY                                                 
---------- --------- ----------                                                 
SHIFTDETAIL                                                                     
--------------------------------------------------------------------------------
t4                                                                              
del                                                                             
6667778889 01-APR-94      20000                                                 
Evening                                                                         
                                                                                

SQL> DELETE FROM trainerdetails
  2  WHERE tid='t4';

1 row deleted.

SQL> SELECT * FROM trainerdetails;

TID                                                                             
--------------------------------------------------------------------------------
TNAME                                                                           
--------------------------------------------------------------------------------
   CONTACT DOJ           SALARY                                                 
---------- --------- ----------                                                 
SHIFTDETAIL                                                                     
--------------------------------------------------------------------------------
t1                                                                              
Vaasu                                                                           
1112223334 05-MAY-94      20000                                                 
Morning                                                                         
                                                                                

TID                                                                             
--------------------------------------------------------------------------------
TNAME                                                                           
--------------------------------------------------------------------------------
   CONTACT DOJ           SALARY                                                 
---------- --------- ----------                                                 
SHIFTDETAIL                                                                     
--------------------------------------------------------------------------------
t2                                                                              
Anand                                                                           
2223334445 07-MAY-94      20000                                                 
Evening                                                                         
                                                                                

TID                                                                             
--------------------------------------------------------------------------------
TNAME                                                                           
--------------------------------------------------------------------------------
   CONTACT DOJ           SALARY                                                 
---------- --------- ----------                                                 
SHIFTDETAIL                                                                     
--------------------------------------------------------------------------------
t3                                                                              
Abhishek                                                                        
3334445556 20-MAY-94      20000                                                 
Morning                                                                         
                                                                                

SQL> SAVEPOINT VARUN2;

Savepoint created.

SQL> roll back TO varun1;
Rollback complete.
SQL> SELECT * FROM trainerdetails;

no rows selected

SQL> roll back TO varun2;
Rollback complete.
SQL> SELECT * FROM trainerdetails;

no rows selected

SQL> SELECT * FROM trainerdetails;

no rows selected

SQL> INSERT INTO trainerdetails VALUES('t1','Vaasu',1112223334,'4.21.1994',20000,'Morning');
INSERT INTO trainerdetails VALUES('t1','Vaasu',1112223334,'4.21.1994',20000,'Morning')
                                                          *
ERROR at line 1:
ORA-01843: not a valid month 


SQL> INSERT INTO trainerdetails VALUES('t1','Vaasu',1112223334,TO_DATE('05.05.1994','DD-MM-YYYY'),20000,'Morning');

1 row created.

SQL> INSERT INTO trainerdetails VALUES('t2','Anand',2223334445,TO_DATE('07.05.1994','DD-MM-YYYY'),20000,'Evening');

1 row created.

SQL>  INSERT INTO trainerdetails VALUES('t3','Abhishek',3334445556,TO_DATE('20.05.1994','DD-MM-YYYY'),20000,'Morning');

1 row created.

SQL> INSERT INTO trainerdetails VALUES('t4','del',6667778889,TO_DATE('01.04.1994','DD-MM-YYYY'),20000,'Evening');

1 row created.

SQL> COMMIT
  2  ;

Commit complete.

SQL> SPOOL OFF
